// Jest Snapshot v1, https://goo.gl/fbAQLP

exports[`should renders Footer correctly Snapshot test 1`] = `
ReactWrapper {
  Symbol(enzyme.__unrendered__): <Footer />,
  Symbol(enzyme.__renderer__): Object {
    "batchedUpdates": [Function],
    "getNode": [Function],
    "render": [Function],
    "simulateError": [Function],
    "simulateEvent": [Function],
    "unmount": [Function],
  },
  Symbol(enzyme.__root__): [Circular],
  Symbol(enzyme.__node__): Object {
    "instance": null,
    "key": undefined,
    "nodeType": "function",
    "props": Object {},
    "ref": null,
    "rendered": Object {
      "instance": <footer
        class="footer-section"
      >
        <span
          class="netflix-text"
        >
          netflixroulette
        </span>
      </footer>,
      "key": undefined,
      "nodeType": "host",
      "props": Object {
        "children": <span
          className="netflix-text"
        >
          netflixroulette
        </span>,
        "className": "footer-section",
      },
      "ref": null,
      "rendered": Array [
        Object {
          "instance": <span
            class="netflix-text"
          >
            netflixroulette
          </span>,
          "key": undefined,
          "nodeType": "host",
          "props": Object {
            "children": "netflixroulette",
            "className": "netflix-text",
          },
          "ref": null,
          "rendered": Array [
            "netflixroulette",
          ],
          "type": "span",
        },
      ],
      "type": "footer",
    },
    "type": [Function],
  },
  Symbol(enzyme.__nodes__): Array [
    Object {
      "instance": null,
      "key": undefined,
      "nodeType": "function",
      "props": Object {},
      "ref": null,
      "rendered": Object {
        "instance": <footer
          class="footer-section"
        >
          <span
            class="netflix-text"
          >
            netflixroulette
          </span>
        </footer>,
        "key": undefined,
        "nodeType": "host",
        "props": Object {
          "children": <span
            className="netflix-text"
          >
            netflixroulette
          </span>,
          "className": "footer-section",
        },
        "ref": null,
        "rendered": Array [
          Object {
            "instance": <span
              class="netflix-text"
            >
              netflixroulette
            </span>,
            "key": undefined,
            "nodeType": "host",
            "props": Object {
              "children": "netflixroulette",
              "className": "netflix-text",
            },
            "ref": null,
            "rendered": Array [
              "netflixroulette",
            ],
            "type": "span",
          },
        ],
        "type": "footer",
      },
      "type": [Function],
    },
  ],
  Symbol(enzyme.__options__): Object {
    "adapter": ReactSixteenAdapter {
      "options": Object {
        "enableComponentDidUpdateOnSetState": true,
        "lifecycles": Object {
          "componentDidUpdate": Object {
            "onSetState": true,
          },
          "getDerivedStateFromProps": true,
          "getSnapshotBeforeUpdate": true,
          "setState": Object {
            "skipsComponentDidUpdateOnNullish": true,
          },
        },
      },
    },
  },
}
`;
