// Jest Snapshot v1, https://goo.gl/fbAQLP

exports[`Main renders without crashing 1`] = `
<div
  className="main"
>
  <header
    className="header-section"
  >
    <div
      className="title-section"
    >
      <h4
        className="netflix-text"
      >
        netflixroulette
      </h4>
    </div>
    <section
      className="search-section"
    >
      <h4
        className="white-text"
      >
        FIND YOUR MOVIE
      </h4>
      <input
        className="white-text search-title"
        placeholder="Enter title"
        type="text"
      />
      <div
        className="search-container"
      >
        <div
          className="search-selection"
        >
          <label
            className="white-text"
          >
            SEARCH BY
          </label>
          <button
            className="white-text"
          >
            TITLE
          </button>
          <button
            className="white-text"
          >
            GENRE
          </button>
        </div>
        <button
          className="white-text"
        >
          SEARCH
        </button>
      </div>
    </section>
  </header>
  <footer
    className="footer-section"
  >
    <span
      className="netflix-text"
    >
      netflixroulette
    </span>
  </footer>
</div>
`;
