// Jest Snapshot v1, https://goo.gl/fbAQLP

exports[`should renders MovieItem correctly Snapshot test 1`] = `
ReactWrapper {
  Symbol(enzyme.__unrendered__): <MovieItem
    movieItem={
      Object {
        "budget": 55000000,
        "genres": Array [
          "Drama",
          "Romance",
        ],
        "id": 337167,
        "overview": "Believing they have left behind shadowy figures from their past, newlyweds Christian and Ana fully embrace an inextricable connection and shared life of luxury. But just as she steps into her role as Mrs. Grey and he relaxes into an unfamiliar stability, new threats could jeopardize their happy ending before it even begins.",
        "poster_path": "https://image.tmdb.org/t/p/w500/3kcEGnYBHDeqmdYf8ZRbKdfmlUy.jpg",
        "release_date": "2018-02-07",
        "revenue": 136906000,
        "runtime": 106,
        "tagline": "Don't miss the climax",
        "title": "Fifty Shades Freed",
        "vote_average": 6.1,
        "vote_count": 1195,
      }
    }
  />,
  Symbol(enzyme.__renderer__): Object {
    "batchedUpdates": [Function],
    "getNode": [Function],
    "render": [Function],
    "simulateError": [Function],
    "simulateEvent": [Function],
    "unmount": [Function],
  },
  Symbol(enzyme.__root__): [Circular],
  Symbol(enzyme.__node__): Object {
    "instance": null,
    "key": undefined,
    "nodeType": "function",
    "props": Object {
      "movieItem": Object {
        "budget": 55000000,
        "genres": Array [
          "Drama",
          "Romance",
        ],
        "id": 337167,
        "overview": "Believing they have left behind shadowy figures from their past, newlyweds Christian and Ana fully embrace an inextricable connection and shared life of luxury. But just as she steps into her role as Mrs. Grey and he relaxes into an unfamiliar stability, new threats could jeopardize their happy ending before it even begins.",
        "poster_path": "https://image.tmdb.org/t/p/w500/3kcEGnYBHDeqmdYf8ZRbKdfmlUy.jpg",
        "release_date": "2018-02-07",
        "revenue": 136906000,
        "runtime": 106,
        "tagline": "Don't miss the climax",
        "title": "Fifty Shades Freed",
        "vote_average": 6.1,
        "vote_count": 1195,
      },
    },
    "ref": null,
    "rendered": Object {
      "instance": <section
        class="movieitem-container"
      >
        <figure>
          <img
            alt="Don't miss the climax"
            class="movieitem-img"
            src="https://image.tmdb.org/t/p/w500/3kcEGnYBHDeqmdYf8ZRbKdfmlUy.jpg"
          />
          <figcaption
            class="movieitem-detail"
          >
            <span>
              FIFTY SHADES FREED
            </span>
            <span
              class="movieitem-year"
            >
              2018-02-07
            </span>
          </figcaption>
          <span
            class="movieitem-genres"
          >
            Drama & Romance
          </span>
        </figure>
      </section>,
      "key": undefined,
      "nodeType": "host",
      "props": Object {
        "children": <figure>
          <img
            alt="Don't miss the climax"
            className="movieitem-img"
            src="https://image.tmdb.org/t/p/w500/3kcEGnYBHDeqmdYf8ZRbKdfmlUy.jpg"
          />
          <figcaption
            className="movieitem-detail"
          >
            <span>
              FIFTY SHADES FREED
            </span>
            <span
              className="movieitem-year"
            >
              2018-02-07
            </span>
          </figcaption>
          <span
            className="movieitem-genres"
          >
            Drama & Romance
          </span>
        </figure>,
        "className": "movieitem-container",
      },
      "ref": null,
      "rendered": Array [
        Object {
          "instance": <figure>
            <img
              alt="Don't miss the climax"
              class="movieitem-img"
              src="https://image.tmdb.org/t/p/w500/3kcEGnYBHDeqmdYf8ZRbKdfmlUy.jpg"
            />
            <figcaption
              class="movieitem-detail"
            >
              <span>
                FIFTY SHADES FREED
              </span>
              <span
                class="movieitem-year"
              >
                2018-02-07
              </span>
            </figcaption>
            <span
              class="movieitem-genres"
            >
              Drama & Romance
            </span>
          </figure>,
          "key": undefined,
          "nodeType": "host",
          "props": Object {
            "children": Array [
              <img
                alt="Don't miss the climax"
                className="movieitem-img"
                src="https://image.tmdb.org/t/p/w500/3kcEGnYBHDeqmdYf8ZRbKdfmlUy.jpg"
              />,
              <figcaption
                className="movieitem-detail"
              >
                <span>
                  FIFTY SHADES FREED
                </span>
                <span
                  className="movieitem-year"
                >
                  2018-02-07
                </span>
              </figcaption>,
              <span
                className="movieitem-genres"
              >
                Drama & Romance
              </span>,
            ],
          },
          "ref": null,
          "rendered": Array [
            Object {
              "instance": <img
                alt="Don't miss the climax"
                class="movieitem-img"
                src="https://image.tmdb.org/t/p/w500/3kcEGnYBHDeqmdYf8ZRbKdfmlUy.jpg"
              />,
              "key": undefined,
              "nodeType": "host",
              "props": Object {
                "alt": "Don't miss the climax",
                "className": "movieitem-img",
                "src": "https://image.tmdb.org/t/p/w500/3kcEGnYBHDeqmdYf8ZRbKdfmlUy.jpg",
              },
              "ref": null,
              "rendered": Array [
                undefined,
              ],
              "type": "img",
            },
            Object {
              "instance": <figcaption
                class="movieitem-detail"
              >
                <span>
                  FIFTY SHADES FREED
                </span>
                <span
                  class="movieitem-year"
                >
                  2018-02-07
                </span>
              </figcaption>,
              "key": undefined,
              "nodeType": "host",
              "props": Object {
                "children": Array [
                  <span>
                    FIFTY SHADES FREED
                  </span>,
                  <span
                    className="movieitem-year"
                  >
                    2018-02-07
                  </span>,
                ],
                "className": "movieitem-detail",
              },
              "ref": null,
              "rendered": Array [
                Object {
                  "instance": <span>
                    FIFTY SHADES FREED
                  </span>,
                  "key": undefined,
                  "nodeType": "host",
                  "props": Object {
                    "children": "FIFTY SHADES FREED",
                  },
                  "ref": null,
                  "rendered": Array [
                    "FIFTY SHADES FREED",
                  ],
                  "type": "span",
                },
                Object {
                  "instance": <span
                    class="movieitem-year"
                  >
                    2018-02-07
                  </span>,
                  "key": undefined,
                  "nodeType": "host",
                  "props": Object {
                    "children": "2018-02-07",
                    "className": "movieitem-year",
                  },
                  "ref": null,
                  "rendered": Array [
                    "2018-02-07",
                  ],
                  "type": "span",
                },
              ],
              "type": "figcaption",
            },
            Object {
              "instance": <span
                class="movieitem-genres"
              >
                Drama & Romance
              </span>,
              "key": undefined,
              "nodeType": "host",
              "props": Object {
                "children": "Drama & Romance",
                "className": "movieitem-genres",
              },
              "ref": null,
              "rendered": Array [
                "Drama & Romance",
              ],
              "type": "span",
            },
          ],
          "type": "figure",
        },
      ],
      "type": "section",
    },
    "type": [Function],
  },
  Symbol(enzyme.__nodes__): Array [
    Object {
      "instance": null,
      "key": undefined,
      "nodeType": "function",
      "props": Object {
        "movieItem": Object {
          "budget": 55000000,
          "genres": Array [
            "Drama",
            "Romance",
          ],
          "id": 337167,
          "overview": "Believing they have left behind shadowy figures from their past, newlyweds Christian and Ana fully embrace an inextricable connection and shared life of luxury. But just as she steps into her role as Mrs. Grey and he relaxes into an unfamiliar stability, new threats could jeopardize their happy ending before it even begins.",
          "poster_path": "https://image.tmdb.org/t/p/w500/3kcEGnYBHDeqmdYf8ZRbKdfmlUy.jpg",
          "release_date": "2018-02-07",
          "revenue": 136906000,
          "runtime": 106,
          "tagline": "Don't miss the climax",
          "title": "Fifty Shades Freed",
          "vote_average": 6.1,
          "vote_count": 1195,
        },
      },
      "ref": null,
      "rendered": Object {
        "instance": <section
          class="movieitem-container"
        >
          <figure>
            <img
              alt="Don't miss the climax"
              class="movieitem-img"
              src="https://image.tmdb.org/t/p/w500/3kcEGnYBHDeqmdYf8ZRbKdfmlUy.jpg"
            />
            <figcaption
              class="movieitem-detail"
            >
              <span>
                FIFTY SHADES FREED
              </span>
              <span
                class="movieitem-year"
              >
                2018-02-07
              </span>
            </figcaption>
            <span
              class="movieitem-genres"
            >
              Drama & Romance
            </span>
          </figure>
        </section>,
        "key": undefined,
        "nodeType": "host",
        "props": Object {
          "children": <figure>
            <img
              alt="Don't miss the climax"
              className="movieitem-img"
              src="https://image.tmdb.org/t/p/w500/3kcEGnYBHDeqmdYf8ZRbKdfmlUy.jpg"
            />
            <figcaption
              className="movieitem-detail"
            >
              <span>
                FIFTY SHADES FREED
              </span>
              <span
                className="movieitem-year"
              >
                2018-02-07
              </span>
            </figcaption>
            <span
              className="movieitem-genres"
            >
              Drama & Romance
            </span>
          </figure>,
          "className": "movieitem-container",
        },
        "ref": null,
        "rendered": Array [
          Object {
            "instance": <figure>
              <img
                alt="Don't miss the climax"
                class="movieitem-img"
                src="https://image.tmdb.org/t/p/w500/3kcEGnYBHDeqmdYf8ZRbKdfmlUy.jpg"
              />
              <figcaption
                class="movieitem-detail"
              >
                <span>
                  FIFTY SHADES FREED
                </span>
                <span
                  class="movieitem-year"
                >
                  2018-02-07
                </span>
              </figcaption>
              <span
                class="movieitem-genres"
              >
                Drama & Romance
              </span>
            </figure>,
            "key": undefined,
            "nodeType": "host",
            "props": Object {
              "children": Array [
                <img
                  alt="Don't miss the climax"
                  className="movieitem-img"
                  src="https://image.tmdb.org/t/p/w500/3kcEGnYBHDeqmdYf8ZRbKdfmlUy.jpg"
                />,
                <figcaption
                  className="movieitem-detail"
                >
                  <span>
                    FIFTY SHADES FREED
                  </span>
                  <span
                    className="movieitem-year"
                  >
                    2018-02-07
                  </span>
                </figcaption>,
                <span
                  className="movieitem-genres"
                >
                  Drama & Romance
                </span>,
              ],
            },
            "ref": null,
            "rendered": Array [
              Object {
                "instance": <img
                  alt="Don't miss the climax"
                  class="movieitem-img"
                  src="https://image.tmdb.org/t/p/w500/3kcEGnYBHDeqmdYf8ZRbKdfmlUy.jpg"
                />,
                "key": undefined,
                "nodeType": "host",
                "props": Object {
                  "alt": "Don't miss the climax",
                  "className": "movieitem-img",
                  "src": "https://image.tmdb.org/t/p/w500/3kcEGnYBHDeqmdYf8ZRbKdfmlUy.jpg",
                },
                "ref": null,
                "rendered": Array [
                  undefined,
                ],
                "type": "img",
              },
              Object {
                "instance": <figcaption
                  class="movieitem-detail"
                >
                  <span>
                    FIFTY SHADES FREED
                  </span>
                  <span
                    class="movieitem-year"
                  >
                    2018-02-07
                  </span>
                </figcaption>,
                "key": undefined,
                "nodeType": "host",
                "props": Object {
                  "children": Array [
                    <span>
                      FIFTY SHADES FREED
                    </span>,
                    <span
                      className="movieitem-year"
                    >
                      2018-02-07
                    </span>,
                  ],
                  "className": "movieitem-detail",
                },
                "ref": null,
                "rendered": Array [
                  Object {
                    "instance": <span>
                      FIFTY SHADES FREED
                    </span>,
                    "key": undefined,
                    "nodeType": "host",
                    "props": Object {
                      "children": "FIFTY SHADES FREED",
                    },
                    "ref": null,
                    "rendered": Array [
                      "FIFTY SHADES FREED",
                    ],
                    "type": "span",
                  },
                  Object {
                    "instance": <span
                      class="movieitem-year"
                    >
                      2018-02-07
                    </span>,
                    "key": undefined,
                    "nodeType": "host",
                    "props": Object {
                      "children": "2018-02-07",
                      "className": "movieitem-year",
                    },
                    "ref": null,
                    "rendered": Array [
                      "2018-02-07",
                    ],
                    "type": "span",
                  },
                ],
                "type": "figcaption",
              },
              Object {
                "instance": <span
                  class="movieitem-genres"
                >
                  Drama & Romance
                </span>,
                "key": undefined,
                "nodeType": "host",
                "props": Object {
                  "children": "Drama & Romance",
                  "className": "movieitem-genres",
                },
                "ref": null,
                "rendered": Array [
                  "Drama & Romance",
                ],
                "type": "span",
              },
            ],
            "type": "figure",
          },
        ],
        "type": "section",
      },
      "type": [Function],
    },
  ],
  Symbol(enzyme.__options__): Object {
    "adapter": ReactSixteenAdapter {
      "options": Object {
        "enableComponentDidUpdateOnSetState": true,
        "lifecycles": Object {
          "componentDidUpdate": Object {
            "onSetState": true,
          },
          "getDerivedStateFromProps": true,
          "getSnapshotBeforeUpdate": true,
          "setState": Object {
            "skipsComponentDidUpdateOnNullish": true,
          },
        },
      },
    },
  },
}
`;
