// Jest Snapshot v1, https://goo.gl/fbAQLP

exports[`should renders Movie correctly Snapshot test 1`] = `
ReactWrapper {
  Symbol(enzyme.__unrendered__): <Movie
    movie={
      Array [
        Object {
          "budget": 55000000,
          "genres": Array [
            "Drama",
            "Romance",
          ],
          "id": 337167,
          "overview": "Believing they have left behind shadowy figures from their past, newlyweds Christian and Ana fully embrace an inextricable connection and shared life of luxury. But just as she steps into her role as Mrs. Grey and he relaxes into an unfamiliar stability, new threats could jeopardize their happy ending before it even begins.",
          "poster_path": "https://image.tmdb.org/t/p/w500/3kcEGnYBHDeqmdYf8ZRbKdfmlUy.jpg",
          "release_date": "2018-02-07",
          "revenue": 136906000,
          "runtime": 106,
          "tagline": "Don't miss the climax",
          "title": "Fifty Shades Freed",
          "vote_average": 6.1,
          "vote_count": 1195,
        },
      ]
    }
  />,
  Symbol(enzyme.__renderer__): Object {
    "batchedUpdates": [Function],
    "getNode": [Function],
    "render": [Function],
    "simulateError": [Function],
    "simulateEvent": [Function],
    "unmount": [Function],
  },
  Symbol(enzyme.__root__): [Circular],
  Symbol(enzyme.__node__): Object {
    "instance": null,
    "key": undefined,
    "nodeType": "function",
    "props": Object {
      "movie": Array [
        Object {
          "budget": 55000000,
          "genres": Array [
            "Drama",
            "Romance",
          ],
          "id": 337167,
          "overview": "Believing they have left behind shadowy figures from their past, newlyweds Christian and Ana fully embrace an inextricable connection and shared life of luxury. But just as she steps into her role as Mrs. Grey and he relaxes into an unfamiliar stability, new threats could jeopardize their happy ending before it even begins.",
          "poster_path": "https://image.tmdb.org/t/p/w500/3kcEGnYBHDeqmdYf8ZRbKdfmlUy.jpg",
          "release_date": "2018-02-07",
          "revenue": 136906000,
          "runtime": 106,
          "tagline": "Don't miss the climax",
          "title": "Fifty Shades Freed",
          "vote_average": 6.1,
          "vote_count": 1195,
        },
      ],
    },
    "ref": null,
    "rendered": Object {
      "instance": <article
        class="movie-container"
      >
        <header
          class="header-section"
        >
          <div
            class="title-section"
          >
            <h4
              class="netflix-text"
            >
              netflixroulette
            </h4>
          </div>
        </header>
        <section
          class="movie-poster"
        >
          <img
            alt="Don't miss the climax"
            class="movie-img"
            src="https://image.tmdb.org/t/p/w500/3kcEGnYBHDeqmdYf8ZRbKdfmlUy.jpg"
          />
          <div
            class="movie-detail"
          >
            <span
              class="movie-title"
            >
              FIFTY SHADES FREED
            </span>
            <span
              class="movie-genres"
            >
              Drama & Romance
            </span>
            <div>
              <span
                class="movie-year"
              >
                2018-02-07
              </span>
              <span
                class="movie-length"
              >
                106 min
              </span>
            </div>
            <p
              class="movie-description"
            >
              Believing they have left behind shadowy figures from their past, newlyweds Christian and Ana fully embrace an inextricable connection and shared life of luxury. But just as she steps into her role as Mrs. Grey and he relaxes into an unfamiliar stability, new threats could jeopardize their happy ending before it even begins.
            </p>
          </div>
        </section>
        <section
          class="filter-container"
        >
          <span
            class="results"
          >
             movies found
          </span>
          <div
            class="sort-detail"
          >
            <span>
              Sort by
            </span>
            <span>
              release date
            </span>
            <span>
              rating
            </span>
          </div>
        </section>
        <main
          class="moviedata-container"
        >
           
          <section
            class="movieitem-container"
          >
            <figure>
              <img
                alt="Don't miss the climax"
                class="movieitem-img"
                src="https://image.tmdb.org/t/p/w500/3kcEGnYBHDeqmdYf8ZRbKdfmlUy.jpg"
              />
              <figcaption
                class="movieitem-detail"
              >
                <span>
                  FIFTY SHADES FREED
                </span>
                <span
                  class="movieitem-year"
                >
                  2018-02-07
                </span>
              </figcaption>
              <span
                class="movieitem-genres"
              >
                Drama & Romance
              </span>
            </figure>
          </section>
        </main>
        <footer
          class="footer-section"
        >
          <span
            class="netflix-text"
          >
            netflixroulette
          </span>
        </footer>
      </article>,
      "key": undefined,
      "nodeType": "host",
      "props": Object {
        "children": Array [
          <header
            className="header-section"
          >
            <Title />
          </header>,
          <section
            className="movie-poster"
          >
            <img
              alt="Don't miss the climax"
              className="movie-img"
              src="https://image.tmdb.org/t/p/w500/3kcEGnYBHDeqmdYf8ZRbKdfmlUy.jpg"
            />
            <div
              className="movie-detail"
            >
              <span
                className="movie-title"
              >
                FIFTY SHADES FREED
              </span>
              <span
                className="movie-genres"
              >
                Drama & Romance
              </span>
              <div>
                <span
                  className="movie-year"
                >
                  2018-02-07
                </span>
                <span
                  className="movie-length"
                >
                  106 min
                </span>
              </div>
              <p
                className="movie-description"
              >
                Believing they have left behind shadowy figures from their past, newlyweds Christian and Ana fully embrace an inextricable connection and shared life of luxury. But just as she steps into her role as Mrs. Grey and he relaxes into an unfamiliar stability, new threats could jeopardize their happy ending before it even begins.
              </p>
            </div>
          </section>,
          <Content
            movies={
              Array [
                Object {
                  "budget": 55000000,
                  "genres": Array [
                    "Drama",
                    "Romance",
                  ],
                  "id": 337167,
                  "overview": "Believing they have left behind shadowy figures from their past, newlyweds Christian and Ana fully embrace an inextricable connection and shared life of luxury. But just as she steps into her role as Mrs. Grey and he relaxes into an unfamiliar stability, new threats could jeopardize their happy ending before it even begins.",
                  "poster_path": "https://image.tmdb.org/t/p/w500/3kcEGnYBHDeqmdYf8ZRbKdfmlUy.jpg",
                  "release_date": "2018-02-07",
                  "revenue": 136906000,
                  "runtime": 106,
                  "tagline": "Don't miss the climax",
                  "title": "Fifty Shades Freed",
                  "vote_average": 6.1,
                  "vote_count": 1195,
                },
              ]
            }
          />,
          <Footer />,
        ],
        "className": "movie-container",
      },
      "ref": null,
      "rendered": Array [
        Object {
          "instance": <header
            class="header-section"
          >
            <div
              class="title-section"
            >
              <h4
                class="netflix-text"
              >
                netflixroulette
              </h4>
            </div>
          </header>,
          "key": undefined,
          "nodeType": "host",
          "props": Object {
            "children": <Title />,
            "className": "header-section",
          },
          "ref": null,
          "rendered": Array [
            Object {
              "instance": null,
              "key": undefined,
              "nodeType": "function",
              "props": Object {},
              "ref": null,
              "rendered": Object {
                "instance": <div
                  class="title-section"
                >
                  <h4
                    class="netflix-text"
                  >
                    netflixroulette
                  </h4>
                </div>,
                "key": undefined,
                "nodeType": "host",
                "props": Object {
                  "children": <h4
                    className="netflix-text"
                  >
                    netflixroulette
                  </h4>,
                  "className": "title-section",
                },
                "ref": null,
                "rendered": Array [
                  Object {
                    "instance": <h4
                      class="netflix-text"
                    >
                      netflixroulette
                    </h4>,
                    "key": undefined,
                    "nodeType": "host",
                    "props": Object {
                      "children": "netflixroulette",
                      "className": "netflix-text",
                    },
                    "ref": null,
                    "rendered": Array [
                      "netflixroulette",
                    ],
                    "type": "h4",
                  },
                ],
                "type": "div",
              },
              "type": [Function],
            },
          ],
          "type": "header",
        },
        Object {
          "instance": <section
            class="movie-poster"
          >
            <img
              alt="Don't miss the climax"
              class="movie-img"
              src="https://image.tmdb.org/t/p/w500/3kcEGnYBHDeqmdYf8ZRbKdfmlUy.jpg"
            />
            <div
              class="movie-detail"
            >
              <span
                class="movie-title"
              >
                FIFTY SHADES FREED
              </span>
              <span
                class="movie-genres"
              >
                Drama & Romance
              </span>
              <div>
                <span
                  class="movie-year"
                >
                  2018-02-07
                </span>
                <span
                  class="movie-length"
                >
                  106 min
                </span>
              </div>
              <p
                class="movie-description"
              >
                Believing they have left behind shadowy figures from their past, newlyweds Christian and Ana fully embrace an inextricable connection and shared life of luxury. But just as she steps into her role as Mrs. Grey and he relaxes into an unfamiliar stability, new threats could jeopardize their happy ending before it even begins.
              </p>
            </div>
          </section>,
          "key": undefined,
          "nodeType": "host",
          "props": Object {
            "children": Array [
              <img
                alt="Don't miss the climax"
                className="movie-img"
                src="https://image.tmdb.org/t/p/w500/3kcEGnYBHDeqmdYf8ZRbKdfmlUy.jpg"
              />,
              <div
                className="movie-detail"
              >
                <span
                  className="movie-title"
                >
                  FIFTY SHADES FREED
                </span>
                <span
                  className="movie-genres"
                >
                  Drama & Romance
                </span>
                <div>
                  <span
                    className="movie-year"
                  >
                    2018-02-07
                  </span>
                  <span
                    className="movie-length"
                  >
                    106 min
                  </span>
                </div>
                <p
                  className="movie-description"
                >
                  Believing they have left behind shadowy figures from their past, newlyweds Christian and Ana fully embrace an inextricable connection and shared life of luxury. But just as she steps into her role as Mrs. Grey and he relaxes into an unfamiliar stability, new threats could jeopardize their happy ending before it even begins.
                </p>
              </div>,
            ],
            "className": "movie-poster",
          },
          "ref": null,
          "rendered": Array [
            Object {
              "instance": <img
                alt="Don't miss the climax"
                class="movie-img"
                src="https://image.tmdb.org/t/p/w500/3kcEGnYBHDeqmdYf8ZRbKdfmlUy.jpg"
              />,
              "key": undefined,
              "nodeType": "host",
              "props": Object {
                "alt": "Don't miss the climax",
                "className": "movie-img",
                "src": "https://image.tmdb.org/t/p/w500/3kcEGnYBHDeqmdYf8ZRbKdfmlUy.jpg",
              },
              "ref": null,
              "rendered": Array [
                undefined,
              ],
              "type": "img",
            },
            Object {
              "instance": <div
                class="movie-detail"
              >
                <span
                  class="movie-title"
                >
                  FIFTY SHADES FREED
                </span>
                <span
                  class="movie-genres"
                >
                  Drama & Romance
                </span>
                <div>
                  <span
                    class="movie-year"
                  >
                    2018-02-07
                  </span>
                  <span
                    class="movie-length"
                  >
                    106 min
                  </span>
                </div>
                <p
                  class="movie-description"
                >
                  Believing they have left behind shadowy figures from their past, newlyweds Christian and Ana fully embrace an inextricable connection and shared life of luxury. But just as she steps into her role as Mrs. Grey and he relaxes into an unfamiliar stability, new threats could jeopardize their happy ending before it even begins.
                </p>
              </div>,
              "key": undefined,
              "nodeType": "host",
              "props": Object {
                "children": Array [
                  <span
                    className="movie-title"
                  >
                    FIFTY SHADES FREED
                  </span>,
                  <span
                    className="movie-genres"
                  >
                    Drama & Romance
                  </span>,
                  <div>
                    <span
                      className="movie-year"
                    >
                      2018-02-07
                    </span>
                    <span
                      className="movie-length"
                    >
                      106 min
                    </span>
                  </div>,
                  <p
                    className="movie-description"
                  >
                    Believing they have left behind shadowy figures from their past, newlyweds Christian and Ana fully embrace an inextricable connection and shared life of luxury. But just as she steps into her role as Mrs. Grey and he relaxes into an unfamiliar stability, new threats could jeopardize their happy ending before it even begins.
                  </p>,
                ],
                "className": "movie-detail",
              },
              "ref": null,
              "rendered": Array [
                Object {
                  "instance": <span
                    class="movie-title"
                  >
                    FIFTY SHADES FREED
                  </span>,
                  "key": undefined,
                  "nodeType": "host",
                  "props": Object {
                    "children": "FIFTY SHADES FREED",
                    "className": "movie-title",
                  },
                  "ref": null,
                  "rendered": Array [
                    "FIFTY SHADES FREED",
                  ],
                  "type": "span",
                },
                Object {
                  "instance": <span
                    class="movie-genres"
                  >
                    Drama & Romance
                  </span>,
                  "key": undefined,
                  "nodeType": "host",
                  "props": Object {
                    "children": "Drama & Romance",
                    "className": "movie-genres",
                  },
                  "ref": null,
                  "rendered": Array [
                    "Drama & Romance",
                  ],
                  "type": "span",
                },
                Object {
                  "instance": <div>
                    <span
                      class="movie-year"
                    >
                      2018-02-07
                    </span>
                    <span
                      class="movie-length"
                    >
                      106 min
                    </span>
                  </div>,
                  "key": undefined,
                  "nodeType": "host",
                  "props": Object {
                    "children": Array [
                      <span
                        className="movie-year"
                      >
                        2018-02-07
                      </span>,
                      <span
                        className="movie-length"
                      >
                        106 min
                      </span>,
                    ],
                  },
                  "ref": null,
                  "rendered": Array [
                    Object {
                      "instance": <span
                        class="movie-year"
                      >
                        2018-02-07
                      </span>,
                      "key": undefined,
                      "nodeType": "host",
                      "props": Object {
                        "children": "2018-02-07",
                        "className": "movie-year",
                      },
                      "ref": null,
                      "rendered": Array [
                        "2018-02-07",
                      ],
                      "type": "span",
                    },
                    Object {
                      "instance": <span
                        class="movie-length"
                      >
                        106 min
                      </span>,
                      "key": undefined,
                      "nodeType": "host",
                      "props": Object {
                        "children": "106 min",
                        "className": "movie-length",
                      },
                      "ref": null,
                      "rendered": Array [
                        "106 min",
                      ],
                      "type": "span",
                    },
                  ],
                  "type": "div",
                },
                Object {
                  "instance": <p
                    class="movie-description"
                  >
                    Believing they have left behind shadowy figures from their past, newlyweds Christian and Ana fully embrace an inextricable connection and shared life of luxury. But just as she steps into her role as Mrs. Grey and he relaxes into an unfamiliar stability, new threats could jeopardize their happy ending before it even begins.
                  </p>,
                  "key": undefined,
                  "nodeType": "host",
                  "props": Object {
                    "children": "Believing they have left behind shadowy figures from their past, newlyweds Christian and Ana fully embrace an inextricable connection and shared life of luxury. But just as she steps into her role as Mrs. Grey and he relaxes into an unfamiliar stability, new threats could jeopardize their happy ending before it even begins.",
                    "className": "movie-description",
                  },
                  "ref": null,
                  "rendered": Array [
                    "Believing they have left behind shadowy figures from their past, newlyweds Christian and Ana fully embrace an inextricable connection and shared life of luxury. But just as she steps into her role as Mrs. Grey and he relaxes into an unfamiliar stability, new threats could jeopardize their happy ending before it even begins.",
                  ],
                  "type": "p",
                },
              ],
              "type": "div",
            },
          ],
          "type": "section",
        },
        Object {
          "instance": null,
          "key": undefined,
          "nodeType": "function",
          "props": Object {
            "movies": Array [
              Object {
                "budget": 55000000,
                "genres": Array [
                  "Drama",
                  "Romance",
                ],
                "id": 337167,
                "overview": "Believing they have left behind shadowy figures from their past, newlyweds Christian and Ana fully embrace an inextricable connection and shared life of luxury. But just as she steps into her role as Mrs. Grey and he relaxes into an unfamiliar stability, new threats could jeopardize their happy ending before it even begins.",
                "poster_path": "https://image.tmdb.org/t/p/w500/3kcEGnYBHDeqmdYf8ZRbKdfmlUy.jpg",
                "release_date": "2018-02-07",
                "revenue": 136906000,
                "runtime": 106,
                "tagline": "Don't miss the climax",
                "title": "Fifty Shades Freed",
                "vote_average": 6.1,
                "vote_count": 1195,
              },
            ],
          },
          "ref": null,
          "rendered": Array [
            Object {
              "instance": null,
              "key": undefined,
              "nodeType": "function",
              "props": Object {
                "movieCount": undefined,
              },
              "ref": null,
              "rendered": Object {
                "instance": <section
                  class="filter-container"
                >
                  <span
                    class="results"
                  >
                     movies found
                  </span>
                  <div
                    class="sort-detail"
                  >
                    <span>
                      Sort by
                    </span>
                    <span>
                      release date
                    </span>
                    <span>
                      rating
                    </span>
                  </div>
                </section>,
                "key": undefined,
                "nodeType": "host",
                "props": Object {
                  "children": Array [
                    <span
                      className="results"
                    >
                       movies found
                    </span>,
                    <div
                      className="sort-detail"
                    >
                      <span>
                        Sort by
                      </span>
                      <span>
                        release date
                      </span>
                      <span>
                        rating
                      </span>
                    </div>,
                  ],
                  "className": "filter-container",
                },
                "ref": null,
                "rendered": Array [
                  Object {
                    "instance": <span
                      class="results"
                    >
                       movies found
                    </span>,
                    "key": undefined,
                    "nodeType": "host",
                    "props": Object {
                      "children": Array [
                        undefined,
                        " movies found",
                      ],
                      "className": "results",
                    },
                    "ref": null,
                    "rendered": Array [
                      " movies found",
                    ],
                    "type": "span",
                  },
                  Object {
                    "instance": <div
                      class="sort-detail"
                    >
                      <span>
                        Sort by
                      </span>
                      <span>
                        release date
                      </span>
                      <span>
                        rating
                      </span>
                    </div>,
                    "key": undefined,
                    "nodeType": "host",
                    "props": Object {
                      "children": Array [
                        <span>
                          Sort by
                        </span>,
                        <span>
                          release date
                        </span>,
                        <span>
                          rating
                        </span>,
                      ],
                      "className": "sort-detail",
                    },
                    "ref": null,
                    "rendered": Array [
                      Object {
                        "instance": <span>
                          Sort by
                        </span>,
                        "key": undefined,
                        "nodeType": "host",
                        "props": Object {
                          "children": "Sort by",
                        },
                        "ref": null,
                        "rendered": Array [
                          "Sort by",
                        ],
                        "type": "span",
                      },
                      Object {
                        "instance": <span>
                          release date
                        </span>,
                        "key": undefined,
                        "nodeType": "host",
                        "props": Object {
                          "children": "release date",
                        },
                        "ref": null,
                        "rendered": Array [
                          "release date",
                        ],
                        "type": "span",
                      },
                      Object {
                        "instance": <span>
                          rating
                        </span>,
                        "key": undefined,
                        "nodeType": "host",
                        "props": Object {
                          "children": "rating",
                        },
                        "ref": null,
                        "rendered": Array [
                          "rating",
                        ],
                        "type": "span",
                      },
                    ],
                    "type": "div",
                  },
                ],
                "type": "section",
              },
              "type": [Function],
            },
            Object {
              "instance": <main
                class="moviedata-container"
              >
                 
                <section
                  class="movieitem-container"
                >
                  <figure>
                    <img
                      alt="Don't miss the climax"
                      class="movieitem-img"
                      src="https://image.tmdb.org/t/p/w500/3kcEGnYBHDeqmdYf8ZRbKdfmlUy.jpg"
                    />
                    <figcaption
                      class="movieitem-detail"
                    >
                      <span>
                        FIFTY SHADES FREED
                      </span>
                      <span
                        class="movieitem-year"
                      >
                        2018-02-07
                      </span>
                    </figcaption>
                    <span
                      class="movieitem-genres"
                    >
                      Drama & Romance
                    </span>
                  </figure>
                </section>
              </main>,
              "key": undefined,
              "nodeType": "host",
              "props": Object {
                "children": Array [
                  " ",
                  Array [
                    <MovieItem
                      movieItem={
                        Object {
                          "budget": 55000000,
                          "genres": Array [
                            "Drama",
                            "Romance",
                          ],
                          "id": 337167,
                          "overview": "Believing they have left behind shadowy figures from their past, newlyweds Christian and Ana fully embrace an inextricable connection and shared life of luxury. But just as she steps into her role as Mrs. Grey and he relaxes into an unfamiliar stability, new threats could jeopardize their happy ending before it even begins.",
                          "poster_path": "https://image.tmdb.org/t/p/w500/3kcEGnYBHDeqmdYf8ZRbKdfmlUy.jpg",
                          "release_date": "2018-02-07",
                          "revenue": 136906000,
                          "runtime": 106,
                          "tagline": "Don't miss the climax",
                          "title": "Fifty Shades Freed",
                          "vote_average": 6.1,
                          "vote_count": 1195,
                        }
                      }
                    />,
                  ],
                ],
                "className": "moviedata-container",
              },
              "ref": null,
              "rendered": Array [
                " ",
                Object {
                  "instance": null,
                  "key": "337167",
                  "nodeType": "function",
                  "props": Object {
                    "movieItem": Object {
                      "budget": 55000000,
                      "genres": Array [
                        "Drama",
                        "Romance",
                      ],
                      "id": 337167,
                      "overview": "Believing they have left behind shadowy figures from their past, newlyweds Christian and Ana fully embrace an inextricable connection and shared life of luxury. But just as she steps into her role as Mrs. Grey and he relaxes into an unfamiliar stability, new threats could jeopardize their happy ending before it even begins.",
                      "poster_path": "https://image.tmdb.org/t/p/w500/3kcEGnYBHDeqmdYf8ZRbKdfmlUy.jpg",
                      "release_date": "2018-02-07",
                      "revenue": 136906000,
                      "runtime": 106,
                      "tagline": "Don't miss the climax",
                      "title": "Fifty Shades Freed",
                      "vote_average": 6.1,
                      "vote_count": 1195,
                    },
                  },
                  "ref": null,
                  "rendered": Object {
                    "instance": <section
                      class="movieitem-container"
                    >
                      <figure>
                        <img
                          alt="Don't miss the climax"
                          class="movieitem-img"
                          src="https://image.tmdb.org/t/p/w500/3kcEGnYBHDeqmdYf8ZRbKdfmlUy.jpg"
                        />
                        <figcaption
                          class="movieitem-detail"
                        >
                          <span>
                            FIFTY SHADES FREED
                          </span>
                          <span
                            class="movieitem-year"
                          >
                            2018-02-07
                          </span>
                        </figcaption>
                        <span
                          class="movieitem-genres"
                        >
                          Drama & Romance
                        </span>
                      </figure>
                    </section>,
                    "key": undefined,
                    "nodeType": "host",
                    "props": Object {
                      "children": <figure>
                        <img
                          alt="Don't miss the climax"
                          className="movieitem-img"
                          src="https://image.tmdb.org/t/p/w500/3kcEGnYBHDeqmdYf8ZRbKdfmlUy.jpg"
                        />
                        <figcaption
                          className="movieitem-detail"
                        >
                          <span>
                            FIFTY SHADES FREED
                          </span>
                          <span
                            className="movieitem-year"
                          >
                            2018-02-07
                          </span>
                        </figcaption>
                        <span
                          className="movieitem-genres"
                        >
                          Drama & Romance
                        </span>
                      </figure>,
                      "className": "movieitem-container",
                    },
                    "ref": null,
                    "rendered": Array [
                      Object {
                        "instance": <figure>
                          <img
                            alt="Don't miss the climax"
                            class="movieitem-img"
                            src="https://image.tmdb.org/t/p/w500/3kcEGnYBHDeqmdYf8ZRbKdfmlUy.jpg"
                          />
                          <figcaption
                            class="movieitem-detail"
                          >
                            <span>
                              FIFTY SHADES FREED
                            </span>
                            <span
                              class="movieitem-year"
                            >
                              2018-02-07
                            </span>
                          </figcaption>
                          <span
                            class="movieitem-genres"
                          >
                            Drama & Romance
                          </span>
                        </figure>,
                        "key": undefined,
                        "nodeType": "host",
                        "props": Object {
                          "children": Array [
                            <img
                              alt="Don't miss the climax"
                              className="movieitem-img"
                              src="https://image.tmdb.org/t/p/w500/3kcEGnYBHDeqmdYf8ZRbKdfmlUy.jpg"
                            />,
                            <figcaption
                              className="movieitem-detail"
                            >
                              <span>
                                FIFTY SHADES FREED
                              </span>
                              <span
                                className="movieitem-year"
                              >
                                2018-02-07
                              </span>
                            </figcaption>,
                            <span
                              className="movieitem-genres"
                            >
                              Drama & Romance
                            </span>,
                          ],
                        },
                        "ref": null,
                        "rendered": Array [
                          Object {
                            "instance": <img
                              alt="Don't miss the climax"
                              class="movieitem-img"
                              src="https://image.tmdb.org/t/p/w500/3kcEGnYBHDeqmdYf8ZRbKdfmlUy.jpg"
                            />,
                            "key": undefined,
                            "nodeType": "host",
                            "props": Object {
                              "alt": "Don't miss the climax",
                              "className": "movieitem-img",
                              "src": "https://image.tmdb.org/t/p/w500/3kcEGnYBHDeqmdYf8ZRbKdfmlUy.jpg",
                            },
                            "ref": null,
                            "rendered": Array [
                              undefined,
                            ],
                            "type": "img",
                          },
                          Object {
                            "instance": <figcaption
                              class="movieitem-detail"
                            >
                              <span>
                                FIFTY SHADES FREED
                              </span>
                              <span
                                class="movieitem-year"
                              >
                                2018-02-07
                              </span>
                            </figcaption>,
                            "key": undefined,
                            "nodeType": "host",
                            "props": Object {
                              "children": Array [
                                <span>
                                  FIFTY SHADES FREED
                                </span>,
                                <span
                                  className="movieitem-year"
                                >
                                  2018-02-07
                                </span>,
                              ],
                              "className": "movieitem-detail",
                            },
                            "ref": null,
                            "rendered": Array [
                              Object {
                                "instance": <span>
                                  FIFTY SHADES FREED
                                </span>,
                                "key": undefined,
                                "nodeType": "host",
                                "props": Object {
                                  "children": "FIFTY SHADES FREED",
                                },
                                "ref": null,
                                "rendered": Array [
                                  "FIFTY SHADES FREED",
                                ],
                                "type": "span",
                              },
                              Object {
                                "instance": <span
                                  class="movieitem-year"
                                >
                                  2018-02-07
                                </span>,
                                "key": undefined,
                                "nodeType": "host",
                                "props": Object {
                                  "children": "2018-02-07",
                                  "className": "movieitem-year",
                                },
                                "ref": null,
                                "rendered": Array [
                                  "2018-02-07",
                                ],
                                "type": "span",
                              },
                            ],
                            "type": "figcaption",
                          },
                          Object {
                            "instance": <span
                              class="movieitem-genres"
                            >
                              Drama & Romance
                            </span>,
                            "key": undefined,
                            "nodeType": "host",
                            "props": Object {
                              "children": "Drama & Romance",
                              "className": "movieitem-genres",
                            },
                            "ref": null,
                            "rendered": Array [
                              "Drama & Romance",
                            ],
                            "type": "span",
                          },
                        ],
                        "type": "figure",
                      },
                    ],
                    "type": "section",
                  },
                  "type": [Function],
                },
              ],
              "type": "main",
            },
          ],
          "type": [Function],
        },
        Object {
          "instance": null,
          "key": undefined,
          "nodeType": "function",
          "props": Object {},
          "ref": null,
          "rendered": Object {
            "instance": <footer
              class="footer-section"
            >
              <span
                class="netflix-text"
              >
                netflixroulette
              </span>
            </footer>,
            "key": undefined,
            "nodeType": "host",
            "props": Object {
              "children": <span
                className="netflix-text"
              >
                netflixroulette
              </span>,
              "className": "footer-section",
            },
            "ref": null,
            "rendered": Array [
              Object {
                "instance": <span
                  class="netflix-text"
                >
                  netflixroulette
                </span>,
                "key": undefined,
                "nodeType": "host",
                "props": Object {
                  "children": "netflixroulette",
                  "className": "netflix-text",
                },
                "ref": null,
                "rendered": Array [
                  "netflixroulette",
                ],
                "type": "span",
              },
            ],
            "type": "footer",
          },
          "type": [Function],
        },
      ],
      "type": "article",
    },
    "type": [Function],
  },
  Symbol(enzyme.__nodes__): Array [
    Object {
      "instance": null,
      "key": undefined,
      "nodeType": "function",
      "props": Object {
        "movie": Array [
          Object {
            "budget": 55000000,
            "genres": Array [
              "Drama",
              "Romance",
            ],
            "id": 337167,
            "overview": "Believing they have left behind shadowy figures from their past, newlyweds Christian and Ana fully embrace an inextricable connection and shared life of luxury. But just as she steps into her role as Mrs. Grey and he relaxes into an unfamiliar stability, new threats could jeopardize their happy ending before it even begins.",
            "poster_path": "https://image.tmdb.org/t/p/w500/3kcEGnYBHDeqmdYf8ZRbKdfmlUy.jpg",
            "release_date": "2018-02-07",
            "revenue": 136906000,
            "runtime": 106,
            "tagline": "Don't miss the climax",
            "title": "Fifty Shades Freed",
            "vote_average": 6.1,
            "vote_count": 1195,
          },
        ],
      },
      "ref": null,
      "rendered": Object {
        "instance": <article
          class="movie-container"
        >
          <header
            class="header-section"
          >
            <div
              class="title-section"
            >
              <h4
                class="netflix-text"
              >
                netflixroulette
              </h4>
            </div>
          </header>
          <section
            class="movie-poster"
          >
            <img
              alt="Don't miss the climax"
              class="movie-img"
              src="https://image.tmdb.org/t/p/w500/3kcEGnYBHDeqmdYf8ZRbKdfmlUy.jpg"
            />
            <div
              class="movie-detail"
            >
              <span
                class="movie-title"
              >
                FIFTY SHADES FREED
              </span>
              <span
                class="movie-genres"
              >
                Drama & Romance
              </span>
              <div>
                <span
                  class="movie-year"
                >
                  2018-02-07
                </span>
                <span
                  class="movie-length"
                >
                  106 min
                </span>
              </div>
              <p
                class="movie-description"
              >
                Believing they have left behind shadowy figures from their past, newlyweds Christian and Ana fully embrace an inextricable connection and shared life of luxury. But just as she steps into her role as Mrs. Grey and he relaxes into an unfamiliar stability, new threats could jeopardize their happy ending before it even begins.
              </p>
            </div>
          </section>
          <section
            class="filter-container"
          >
            <span
              class="results"
            >
               movies found
            </span>
            <div
              class="sort-detail"
            >
              <span>
                Sort by
              </span>
              <span>
                release date
              </span>
              <span>
                rating
              </span>
            </div>
          </section>
          <main
            class="moviedata-container"
          >
             
            <section
              class="movieitem-container"
            >
              <figure>
                <img
                  alt="Don't miss the climax"
                  class="movieitem-img"
                  src="https://image.tmdb.org/t/p/w500/3kcEGnYBHDeqmdYf8ZRbKdfmlUy.jpg"
                />
                <figcaption
                  class="movieitem-detail"
                >
                  <span>
                    FIFTY SHADES FREED
                  </span>
                  <span
                    class="movieitem-year"
                  >
                    2018-02-07
                  </span>
                </figcaption>
                <span
                  class="movieitem-genres"
                >
                  Drama & Romance
                </span>
              </figure>
            </section>
          </main>
          <footer
            class="footer-section"
          >
            <span
              class="netflix-text"
            >
              netflixroulette
            </span>
          </footer>
        </article>,
        "key": undefined,
        "nodeType": "host",
        "props": Object {
          "children": Array [
            <header
              className="header-section"
            >
              <Title />
            </header>,
            <section
              className="movie-poster"
            >
              <img
                alt="Don't miss the climax"
                className="movie-img"
                src="https://image.tmdb.org/t/p/w500/3kcEGnYBHDeqmdYf8ZRbKdfmlUy.jpg"
              />
              <div
                className="movie-detail"
              >
                <span
                  className="movie-title"
                >
                  FIFTY SHADES FREED
                </span>
                <span
                  className="movie-genres"
                >
                  Drama & Romance
                </span>
                <div>
                  <span
                    className="movie-year"
                  >
                    2018-02-07
                  </span>
                  <span
                    className="movie-length"
                  >
                    106 min
                  </span>
                </div>
                <p
                  className="movie-description"
                >
                  Believing they have left behind shadowy figures from their past, newlyweds Christian and Ana fully embrace an inextricable connection and shared life of luxury. But just as she steps into her role as Mrs. Grey and he relaxes into an unfamiliar stability, new threats could jeopardize their happy ending before it even begins.
                </p>
              </div>
            </section>,
            <Content
              movies={
                Array [
                  Object {
                    "budget": 55000000,
                    "genres": Array [
                      "Drama",
                      "Romance",
                    ],
                    "id": 337167,
                    "overview": "Believing they have left behind shadowy figures from their past, newlyweds Christian and Ana fully embrace an inextricable connection and shared life of luxury. But just as she steps into her role as Mrs. Grey and he relaxes into an unfamiliar stability, new threats could jeopardize their happy ending before it even begins.",
                    "poster_path": "https://image.tmdb.org/t/p/w500/3kcEGnYBHDeqmdYf8ZRbKdfmlUy.jpg",
                    "release_date": "2018-02-07",
                    "revenue": 136906000,
                    "runtime": 106,
                    "tagline": "Don't miss the climax",
                    "title": "Fifty Shades Freed",
                    "vote_average": 6.1,
                    "vote_count": 1195,
                  },
                ]
              }
            />,
            <Footer />,
          ],
          "className": "movie-container",
        },
        "ref": null,
        "rendered": Array [
          Object {
            "instance": <header
              class="header-section"
            >
              <div
                class="title-section"
              >
                <h4
                  class="netflix-text"
                >
                  netflixroulette
                </h4>
              </div>
            </header>,
            "key": undefined,
            "nodeType": "host",
            "props": Object {
              "children": <Title />,
              "className": "header-section",
            },
            "ref": null,
            "rendered": Array [
              Object {
                "instance": null,
                "key": undefined,
                "nodeType": "function",
                "props": Object {},
                "ref": null,
                "rendered": Object {
                  "instance": <div
                    class="title-section"
                  >
                    <h4
                      class="netflix-text"
                    >
                      netflixroulette
                    </h4>
                  </div>,
                  "key": undefined,
                  "nodeType": "host",
                  "props": Object {
                    "children": <h4
                      className="netflix-text"
                    >
                      netflixroulette
                    </h4>,
                    "className": "title-section",
                  },
                  "ref": null,
                  "rendered": Array [
                    Object {
                      "instance": <h4
                        class="netflix-text"
                      >
                        netflixroulette
                      </h4>,
                      "key": undefined,
                      "nodeType": "host",
                      "props": Object {
                        "children": "netflixroulette",
                        "className": "netflix-text",
                      },
                      "ref": null,
                      "rendered": Array [
                        "netflixroulette",
                      ],
                      "type": "h4",
                    },
                  ],
                  "type": "div",
                },
                "type": [Function],
              },
            ],
            "type": "header",
          },
          Object {
            "instance": <section
              class="movie-poster"
            >
              <img
                alt="Don't miss the climax"
                class="movie-img"
                src="https://image.tmdb.org/t/p/w500/3kcEGnYBHDeqmdYf8ZRbKdfmlUy.jpg"
              />
              <div
                class="movie-detail"
              >
                <span
                  class="movie-title"
                >
                  FIFTY SHADES FREED
                </span>
                <span
                  class="movie-genres"
                >
                  Drama & Romance
                </span>
                <div>
                  <span
                    class="movie-year"
                  >
                    2018-02-07
                  </span>
                  <span
                    class="movie-length"
                  >
                    106 min
                  </span>
                </div>
                <p
                  class="movie-description"
                >
                  Believing they have left behind shadowy figures from their past, newlyweds Christian and Ana fully embrace an inextricable connection and shared life of luxury. But just as she steps into her role as Mrs. Grey and he relaxes into an unfamiliar stability, new threats could jeopardize their happy ending before it even begins.
                </p>
              </div>
            </section>,
            "key": undefined,
            "nodeType": "host",
            "props": Object {
              "children": Array [
                <img
                  alt="Don't miss the climax"
                  className="movie-img"
                  src="https://image.tmdb.org/t/p/w500/3kcEGnYBHDeqmdYf8ZRbKdfmlUy.jpg"
                />,
                <div
                  className="movie-detail"
                >
                  <span
                    className="movie-title"
                  >
                    FIFTY SHADES FREED
                  </span>
                  <span
                    className="movie-genres"
                  >
                    Drama & Romance
                  </span>
                  <div>
                    <span
                      className="movie-year"
                    >
                      2018-02-07
                    </span>
                    <span
                      className="movie-length"
                    >
                      106 min
                    </span>
                  </div>
                  <p
                    className="movie-description"
                  >
                    Believing they have left behind shadowy figures from their past, newlyweds Christian and Ana fully embrace an inextricable connection and shared life of luxury. But just as she steps into her role as Mrs. Grey and he relaxes into an unfamiliar stability, new threats could jeopardize their happy ending before it even begins.
                  </p>
                </div>,
              ],
              "className": "movie-poster",
            },
            "ref": null,
            "rendered": Array [
              Object {
                "instance": <img
                  alt="Don't miss the climax"
                  class="movie-img"
                  src="https://image.tmdb.org/t/p/w500/3kcEGnYBHDeqmdYf8ZRbKdfmlUy.jpg"
                />,
                "key": undefined,
                "nodeType": "host",
                "props": Object {
                  "alt": "Don't miss the climax",
                  "className": "movie-img",
                  "src": "https://image.tmdb.org/t/p/w500/3kcEGnYBHDeqmdYf8ZRbKdfmlUy.jpg",
                },
                "ref": null,
                "rendered": Array [
                  undefined,
                ],
                "type": "img",
              },
              Object {
                "instance": <div
                  class="movie-detail"
                >
                  <span
                    class="movie-title"
                  >
                    FIFTY SHADES FREED
                  </span>
                  <span
                    class="movie-genres"
                  >
                    Drama & Romance
                  </span>
                  <div>
                    <span
                      class="movie-year"
                    >
                      2018-02-07
                    </span>
                    <span
                      class="movie-length"
                    >
                      106 min
                    </span>
                  </div>
                  <p
                    class="movie-description"
                  >
                    Believing they have left behind shadowy figures from their past, newlyweds Christian and Ana fully embrace an inextricable connection and shared life of luxury. But just as she steps into her role as Mrs. Grey and he relaxes into an unfamiliar stability, new threats could jeopardize their happy ending before it even begins.
                  </p>
                </div>,
                "key": undefined,
                "nodeType": "host",
                "props": Object {
                  "children": Array [
                    <span
                      className="movie-title"
                    >
                      FIFTY SHADES FREED
                    </span>,
                    <span
                      className="movie-genres"
                    >
                      Drama & Romance
                    </span>,
                    <div>
                      <span
                        className="movie-year"
                      >
                        2018-02-07
                      </span>
                      <span
                        className="movie-length"
                      >
                        106 min
                      </span>
                    </div>,
                    <p
                      className="movie-description"
                    >
                      Believing they have left behind shadowy figures from their past, newlyweds Christian and Ana fully embrace an inextricable connection and shared life of luxury. But just as she steps into her role as Mrs. Grey and he relaxes into an unfamiliar stability, new threats could jeopardize their happy ending before it even begins.
                    </p>,
                  ],
                  "className": "movie-detail",
                },
                "ref": null,
                "rendered": Array [
                  Object {
                    "instance": <span
                      class="movie-title"
                    >
                      FIFTY SHADES FREED
                    </span>,
                    "key": undefined,
                    "nodeType": "host",
                    "props": Object {
                      "children": "FIFTY SHADES FREED",
                      "className": "movie-title",
                    },
                    "ref": null,
                    "rendered": Array [
                      "FIFTY SHADES FREED",
                    ],
                    "type": "span",
                  },
                  Object {
                    "instance": <span
                      class="movie-genres"
                    >
                      Drama & Romance
                    </span>,
                    "key": undefined,
                    "nodeType": "host",
                    "props": Object {
                      "children": "Drama & Romance",
                      "className": "movie-genres",
                    },
                    "ref": null,
                    "rendered": Array [
                      "Drama & Romance",
                    ],
                    "type": "span",
                  },
                  Object {
                    "instance": <div>
                      <span
                        class="movie-year"
                      >
                        2018-02-07
                      </span>
                      <span
                        class="movie-length"
                      >
                        106 min
                      </span>
                    </div>,
                    "key": undefined,
                    "nodeType": "host",
                    "props": Object {
                      "children": Array [
                        <span
                          className="movie-year"
                        >
                          2018-02-07
                        </span>,
                        <span
                          className="movie-length"
                        >
                          106 min
                        </span>,
                      ],
                    },
                    "ref": null,
                    "rendered": Array [
                      Object {
                        "instance": <span
                          class="movie-year"
                        >
                          2018-02-07
                        </span>,
                        "key": undefined,
                        "nodeType": "host",
                        "props": Object {
                          "children": "2018-02-07",
                          "className": "movie-year",
                        },
                        "ref": null,
                        "rendered": Array [
                          "2018-02-07",
                        ],
                        "type": "span",
                      },
                      Object {
                        "instance": <span
                          class="movie-length"
                        >
                          106 min
                        </span>,
                        "key": undefined,
                        "nodeType": "host",
                        "props": Object {
                          "children": "106 min",
                          "className": "movie-length",
                        },
                        "ref": null,
                        "rendered": Array [
                          "106 min",
                        ],
                        "type": "span",
                      },
                    ],
                    "type": "div",
                  },
                  Object {
                    "instance": <p
                      class="movie-description"
                    >
                      Believing they have left behind shadowy figures from their past, newlyweds Christian and Ana fully embrace an inextricable connection and shared life of luxury. But just as she steps into her role as Mrs. Grey and he relaxes into an unfamiliar stability, new threats could jeopardize their happy ending before it even begins.
                    </p>,
                    "key": undefined,
                    "nodeType": "host",
                    "props": Object {
                      "children": "Believing they have left behind shadowy figures from their past, newlyweds Christian and Ana fully embrace an inextricable connection and shared life of luxury. But just as she steps into her role as Mrs. Grey and he relaxes into an unfamiliar stability, new threats could jeopardize their happy ending before it even begins.",
                      "className": "movie-description",
                    },
                    "ref": null,
                    "rendered": Array [
                      "Believing they have left behind shadowy figures from their past, newlyweds Christian and Ana fully embrace an inextricable connection and shared life of luxury. But just as she steps into her role as Mrs. Grey and he relaxes into an unfamiliar stability, new threats could jeopardize their happy ending before it even begins.",
                    ],
                    "type": "p",
                  },
                ],
                "type": "div",
              },
            ],
            "type": "section",
          },
          Object {
            "instance": null,
            "key": undefined,
            "nodeType": "function",
            "props": Object {
              "movies": Array [
                Object {
                  "budget": 55000000,
                  "genres": Array [
                    "Drama",
                    "Romance",
                  ],
                  "id": 337167,
                  "overview": "Believing they have left behind shadowy figures from their past, newlyweds Christian and Ana fully embrace an inextricable connection and shared life of luxury. But just as she steps into her role as Mrs. Grey and he relaxes into an unfamiliar stability, new threats could jeopardize their happy ending before it even begins.",
                  "poster_path": "https://image.tmdb.org/t/p/w500/3kcEGnYBHDeqmdYf8ZRbKdfmlUy.jpg",
                  "release_date": "2018-02-07",
                  "revenue": 136906000,
                  "runtime": 106,
                  "tagline": "Don't miss the climax",
                  "title": "Fifty Shades Freed",
                  "vote_average": 6.1,
                  "vote_count": 1195,
                },
              ],
            },
            "ref": null,
            "rendered": Array [
              Object {
                "instance": null,
                "key": undefined,
                "nodeType": "function",
                "props": Object {
                  "movieCount": undefined,
                },
                "ref": null,
                "rendered": Object {
                  "instance": <section
                    class="filter-container"
                  >
                    <span
                      class="results"
                    >
                       movies found
                    </span>
                    <div
                      class="sort-detail"
                    >
                      <span>
                        Sort by
                      </span>
                      <span>
                        release date
                      </span>
                      <span>
                        rating
                      </span>
                    </div>
                  </section>,
                  "key": undefined,
                  "nodeType": "host",
                  "props": Object {
                    "children": Array [
                      <span
                        className="results"
                      >
                         movies found
                      </span>,
                      <div
                        className="sort-detail"
                      >
                        <span>
                          Sort by
                        </span>
                        <span>
                          release date
                        </span>
                        <span>
                          rating
                        </span>
                      </div>,
                    ],
                    "className": "filter-container",
                  },
                  "ref": null,
                  "rendered": Array [
                    Object {
                      "instance": <span
                        class="results"
                      >
                         movies found
                      </span>,
                      "key": undefined,
                      "nodeType": "host",
                      "props": Object {
                        "children": Array [
                          undefined,
                          " movies found",
                        ],
                        "className": "results",
                      },
                      "ref": null,
                      "rendered": Array [
                        " movies found",
                      ],
                      "type": "span",
                    },
                    Object {
                      "instance": <div
                        class="sort-detail"
                      >
                        <span>
                          Sort by
                        </span>
                        <span>
                          release date
                        </span>
                        <span>
                          rating
                        </span>
                      </div>,
                      "key": undefined,
                      "nodeType": "host",
                      "props": Object {
                        "children": Array [
                          <span>
                            Sort by
                          </span>,
                          <span>
                            release date
                          </span>,
                          <span>
                            rating
                          </span>,
                        ],
                        "className": "sort-detail",
                      },
                      "ref": null,
                      "rendered": Array [
                        Object {
                          "instance": <span>
                            Sort by
                          </span>,
                          "key": undefined,
                          "nodeType": "host",
                          "props": Object {
                            "children": "Sort by",
                          },
                          "ref": null,
                          "rendered": Array [
                            "Sort by",
                          ],
                          "type": "span",
                        },
                        Object {
                          "instance": <span>
                            release date
                          </span>,
                          "key": undefined,
                          "nodeType": "host",
                          "props": Object {
                            "children": "release date",
                          },
                          "ref": null,
                          "rendered": Array [
                            "release date",
                          ],
                          "type": "span",
                        },
                        Object {
                          "instance": <span>
                            rating
                          </span>,
                          "key": undefined,
                          "nodeType": "host",
                          "props": Object {
                            "children": "rating",
                          },
                          "ref": null,
                          "rendered": Array [
                            "rating",
                          ],
                          "type": "span",
                        },
                      ],
                      "type": "div",
                    },
                  ],
                  "type": "section",
                },
                "type": [Function],
              },
              Object {
                "instance": <main
                  class="moviedata-container"
                >
                   
                  <section
                    class="movieitem-container"
                  >
                    <figure>
                      <img
                        alt="Don't miss the climax"
                        class="movieitem-img"
                        src="https://image.tmdb.org/t/p/w500/3kcEGnYBHDeqmdYf8ZRbKdfmlUy.jpg"
                      />
                      <figcaption
                        class="movieitem-detail"
                      >
                        <span>
                          FIFTY SHADES FREED
                        </span>
                        <span
                          class="movieitem-year"
                        >
                          2018-02-07
                        </span>
                      </figcaption>
                      <span
                        class="movieitem-genres"
                      >
                        Drama & Romance
                      </span>
                    </figure>
                  </section>
                </main>,
                "key": undefined,
                "nodeType": "host",
                "props": Object {
                  "children": Array [
                    " ",
                    Array [
                      <MovieItem
                        movieItem={
                          Object {
                            "budget": 55000000,
                            "genres": Array [
                              "Drama",
                              "Romance",
                            ],
                            "id": 337167,
                            "overview": "Believing they have left behind shadowy figures from their past, newlyweds Christian and Ana fully embrace an inextricable connection and shared life of luxury. But just as she steps into her role as Mrs. Grey and he relaxes into an unfamiliar stability, new threats could jeopardize their happy ending before it even begins.",
                            "poster_path": "https://image.tmdb.org/t/p/w500/3kcEGnYBHDeqmdYf8ZRbKdfmlUy.jpg",
                            "release_date": "2018-02-07",
                            "revenue": 136906000,
                            "runtime": 106,
                            "tagline": "Don't miss the climax",
                            "title": "Fifty Shades Freed",
                            "vote_average": 6.1,
                            "vote_count": 1195,
                          }
                        }
                      />,
                    ],
                  ],
                  "className": "moviedata-container",
                },
                "ref": null,
                "rendered": Array [
                  " ",
                  Object {
                    "instance": null,
                    "key": "337167",
                    "nodeType": "function",
                    "props": Object {
                      "movieItem": Object {
                        "budget": 55000000,
                        "genres": Array [
                          "Drama",
                          "Romance",
                        ],
                        "id": 337167,
                        "overview": "Believing they have left behind shadowy figures from their past, newlyweds Christian and Ana fully embrace an inextricable connection and shared life of luxury. But just as she steps into her role as Mrs. Grey and he relaxes into an unfamiliar stability, new threats could jeopardize their happy ending before it even begins.",
                        "poster_path": "https://image.tmdb.org/t/p/w500/3kcEGnYBHDeqmdYf8ZRbKdfmlUy.jpg",
                        "release_date": "2018-02-07",
                        "revenue": 136906000,
                        "runtime": 106,
                        "tagline": "Don't miss the climax",
                        "title": "Fifty Shades Freed",
                        "vote_average": 6.1,
                        "vote_count": 1195,
                      },
                    },
                    "ref": null,
                    "rendered": Object {
                      "instance": <section
                        class="movieitem-container"
                      >
                        <figure>
                          <img
                            alt="Don't miss the climax"
                            class="movieitem-img"
                            src="https://image.tmdb.org/t/p/w500/3kcEGnYBHDeqmdYf8ZRbKdfmlUy.jpg"
                          />
                          <figcaption
                            class="movieitem-detail"
                          >
                            <span>
                              FIFTY SHADES FREED
                            </span>
                            <span
                              class="movieitem-year"
                            >
                              2018-02-07
                            </span>
                          </figcaption>
                          <span
                            class="movieitem-genres"
                          >
                            Drama & Romance
                          </span>
                        </figure>
                      </section>,
                      "key": undefined,
                      "nodeType": "host",
                      "props": Object {
                        "children": <figure>
                          <img
                            alt="Don't miss the climax"
                            className="movieitem-img"
                            src="https://image.tmdb.org/t/p/w500/3kcEGnYBHDeqmdYf8ZRbKdfmlUy.jpg"
                          />
                          <figcaption
                            className="movieitem-detail"
                          >
                            <span>
                              FIFTY SHADES FREED
                            </span>
                            <span
                              className="movieitem-year"
                            >
                              2018-02-07
                            </span>
                          </figcaption>
                          <span
                            className="movieitem-genres"
                          >
                            Drama & Romance
                          </span>
                        </figure>,
                        "className": "movieitem-container",
                      },
                      "ref": null,
                      "rendered": Array [
                        Object {
                          "instance": <figure>
                            <img
                              alt="Don't miss the climax"
                              class="movieitem-img"
                              src="https://image.tmdb.org/t/p/w500/3kcEGnYBHDeqmdYf8ZRbKdfmlUy.jpg"
                            />
                            <figcaption
                              class="movieitem-detail"
                            >
                              <span>
                                FIFTY SHADES FREED
                              </span>
                              <span
                                class="movieitem-year"
                              >
                                2018-02-07
                              </span>
                            </figcaption>
                            <span
                              class="movieitem-genres"
                            >
                              Drama & Romance
                            </span>
                          </figure>,
                          "key": undefined,
                          "nodeType": "host",
                          "props": Object {
                            "children": Array [
                              <img
                                alt="Don't miss the climax"
                                className="movieitem-img"
                                src="https://image.tmdb.org/t/p/w500/3kcEGnYBHDeqmdYf8ZRbKdfmlUy.jpg"
                              />,
                              <figcaption
                                className="movieitem-detail"
                              >
                                <span>
                                  FIFTY SHADES FREED
                                </span>
                                <span
                                  className="movieitem-year"
                                >
                                  2018-02-07
                                </span>
                              </figcaption>,
                              <span
                                className="movieitem-genres"
                              >
                                Drama & Romance
                              </span>,
                            ],
                          },
                          "ref": null,
                          "rendered": Array [
                            Object {
                              "instance": <img
                                alt="Don't miss the climax"
                                class="movieitem-img"
                                src="https://image.tmdb.org/t/p/w500/3kcEGnYBHDeqmdYf8ZRbKdfmlUy.jpg"
                              />,
                              "key": undefined,
                              "nodeType": "host",
                              "props": Object {
                                "alt": "Don't miss the climax",
                                "className": "movieitem-img",
                                "src": "https://image.tmdb.org/t/p/w500/3kcEGnYBHDeqmdYf8ZRbKdfmlUy.jpg",
                              },
                              "ref": null,
                              "rendered": Array [
                                undefined,
                              ],
                              "type": "img",
                            },
                            Object {
                              "instance": <figcaption
                                class="movieitem-detail"
                              >
                                <span>
                                  FIFTY SHADES FREED
                                </span>
                                <span
                                  class="movieitem-year"
                                >
                                  2018-02-07
                                </span>
                              </figcaption>,
                              "key": undefined,
                              "nodeType": "host",
                              "props": Object {
                                "children": Array [
                                  <span>
                                    FIFTY SHADES FREED
                                  </span>,
                                  <span
                                    className="movieitem-year"
                                  >
                                    2018-02-07
                                  </span>,
                                ],
                                "className": "movieitem-detail",
                              },
                              "ref": null,
                              "rendered": Array [
                                Object {
                                  "instance": <span>
                                    FIFTY SHADES FREED
                                  </span>,
                                  "key": undefined,
                                  "nodeType": "host",
                                  "props": Object {
                                    "children": "FIFTY SHADES FREED",
                                  },
                                  "ref": null,
                                  "rendered": Array [
                                    "FIFTY SHADES FREED",
                                  ],
                                  "type": "span",
                                },
                                Object {
                                  "instance": <span
                                    class="movieitem-year"
                                  >
                                    2018-02-07
                                  </span>,
                                  "key": undefined,
                                  "nodeType": "host",
                                  "props": Object {
                                    "children": "2018-02-07",
                                    "className": "movieitem-year",
                                  },
                                  "ref": null,
                                  "rendered": Array [
                                    "2018-02-07",
                                  ],
                                  "type": "span",
                                },
                              ],
                              "type": "figcaption",
                            },
                            Object {
                              "instance": <span
                                class="movieitem-genres"
                              >
                                Drama & Romance
                              </span>,
                              "key": undefined,
                              "nodeType": "host",
                              "props": Object {
                                "children": "Drama & Romance",
                                "className": "movieitem-genres",
                              },
                              "ref": null,
                              "rendered": Array [
                                "Drama & Romance",
                              ],
                              "type": "span",
                            },
                          ],
                          "type": "figure",
                        },
                      ],
                      "type": "section",
                    },
                    "type": [Function],
                  },
                ],
                "type": "main",
              },
            ],
            "type": [Function],
          },
          Object {
            "instance": null,
            "key": undefined,
            "nodeType": "function",
            "props": Object {},
            "ref": null,
            "rendered": Object {
              "instance": <footer
                class="footer-section"
              >
                <span
                  class="netflix-text"
                >
                  netflixroulette
                </span>
              </footer>,
              "key": undefined,
              "nodeType": "host",
              "props": Object {
                "children": <span
                  className="netflix-text"
                >
                  netflixroulette
                </span>,
                "className": "footer-section",
              },
              "ref": null,
              "rendered": Array [
                Object {
                  "instance": <span
                    class="netflix-text"
                  >
                    netflixroulette
                  </span>,
                  "key": undefined,
                  "nodeType": "host",
                  "props": Object {
                    "children": "netflixroulette",
                    "className": "netflix-text",
                  },
                  "ref": null,
                  "rendered": Array [
                    "netflixroulette",
                  ],
                  "type": "span",
                },
              ],
              "type": "footer",
            },
            "type": [Function],
          },
        ],
        "type": "article",
      },
      "type": [Function],
    },
  ],
  Symbol(enzyme.__options__): Object {
    "adapter": ReactSixteenAdapter {
      "options": Object {
        "enableComponentDidUpdateOnSetState": true,
        "lifecycles": Object {
          "componentDidUpdate": Object {
            "onSetState": true,
          },
          "getDerivedStateFromProps": true,
          "getSnapshotBeforeUpdate": true,
          "setState": Object {
            "skipsComponentDidUpdateOnNullish": true,
          },
        },
      },
    },
  },
}
`;
