// Jest Snapshot v1, https://goo.gl/fbAQLP

exports[`should renders Footer correctly Snapshot test 1`] = `
ReactWrapper {
  Symbol(enzyme.__unrendered__): <Search />,
  Symbol(enzyme.__renderer__): Object {
    "batchedUpdates": [Function],
    "getNode": [Function],
    "render": [Function],
    "simulateError": [Function],
    "simulateEvent": [Function],
    "unmount": [Function],
  },
  Symbol(enzyme.__root__): [Circular],
  Symbol(enzyme.__node__): Object {
    "instance": null,
    "key": undefined,
    "nodeType": "function",
    "props": Object {},
    "ref": null,
    "rendered": Object {
      "instance": <section
        class="search-section"
      >
        <h4
          class="white-text"
        >
          FIND YOUR MOVIE
        </h4>
        <input
          class="white-text search-title"
          placeholder="Enter title"
          type="text"
        />
        <div
          class="search-container"
        >
          <div
            class="search-selection"
          >
            <label
              class="white-text"
            >
              SEARCH BY
            </label>
            <button
              class="white-text"
            >
              TITLE
            </button>
            <button
              class="white-text"
            >
              GENRE
            </button>
          </div>
          <button
            class="white-text"
          >
            SEARCH
          </button>
        </div>
      </section>,
      "key": undefined,
      "nodeType": "host",
      "props": Object {
        "children": Array [
          <h4
            className="white-text"
          >
            FIND YOUR MOVIE
          </h4>,
          <input
            className="white-text search-title"
            placeholder="Enter title"
            type="text"
          />,
          <div
            className="search-container"
          >
            <div
              className="search-selection"
            >
              <label
                className="white-text"
              >
                SEARCH BY
              </label>
              <button
                className="white-text"
              >
                TITLE
              </button>
              <button
                className="white-text"
              >
                GENRE
              </button>
            </div>
            <button
              className="white-text"
            >
              SEARCH
            </button>
          </div>,
        ],
        "className": "search-section",
      },
      "ref": null,
      "rendered": Array [
        Object {
          "instance": <h4
            class="white-text"
          >
            FIND YOUR MOVIE
          </h4>,
          "key": undefined,
          "nodeType": "host",
          "props": Object {
            "children": "FIND YOUR MOVIE",
            "className": "white-text",
          },
          "ref": null,
          "rendered": Array [
            "FIND YOUR MOVIE",
          ],
          "type": "h4",
        },
        Object {
          "instance": <input
            class="white-text search-title"
            placeholder="Enter title"
            type="text"
          />,
          "key": undefined,
          "nodeType": "host",
          "props": Object {
            "className": "white-text search-title",
            "placeholder": "Enter title",
            "type": "text",
          },
          "ref": null,
          "rendered": Array [
            undefined,
          ],
          "type": "input",
        },
        Object {
          "instance": <div
            class="search-container"
          >
            <div
              class="search-selection"
            >
              <label
                class="white-text"
              >
                SEARCH BY
              </label>
              <button
                class="white-text"
              >
                TITLE
              </button>
              <button
                class="white-text"
              >
                GENRE
              </button>
            </div>
            <button
              class="white-text"
            >
              SEARCH
            </button>
          </div>,
          "key": undefined,
          "nodeType": "host",
          "props": Object {
            "children": Array [
              <div
                className="search-selection"
              >
                <label
                  className="white-text"
                >
                  SEARCH BY
                </label>
                <button
                  className="white-text"
                >
                  TITLE
                </button>
                <button
                  className="white-text"
                >
                  GENRE
                </button>
              </div>,
              <button
                className="white-text"
              >
                SEARCH
              </button>,
            ],
            "className": "search-container",
          },
          "ref": null,
          "rendered": Array [
            Object {
              "instance": <div
                class="search-selection"
              >
                <label
                  class="white-text"
                >
                  SEARCH BY
                </label>
                <button
                  class="white-text"
                >
                  TITLE
                </button>
                <button
                  class="white-text"
                >
                  GENRE
                </button>
              </div>,
              "key": undefined,
              "nodeType": "host",
              "props": Object {
                "children": Array [
                  <label
                    className="white-text"
                  >
                    SEARCH BY
                  </label>,
                  <button
                    className="white-text"
                  >
                    TITLE
                  </button>,
                  <button
                    className="white-text"
                  >
                    GENRE
                  </button>,
                ],
                "className": "search-selection",
              },
              "ref": null,
              "rendered": Array [
                Object {
                  "instance": <label
                    class="white-text"
                  >
                    SEARCH BY
                  </label>,
                  "key": undefined,
                  "nodeType": "host",
                  "props": Object {
                    "children": "SEARCH BY",
                    "className": "white-text",
                  },
                  "ref": null,
                  "rendered": Array [
                    "SEARCH BY",
                  ],
                  "type": "label",
                },
                Object {
                  "instance": <button
                    class="white-text"
                  >
                    TITLE
                  </button>,
                  "key": undefined,
                  "nodeType": "host",
                  "props": Object {
                    "children": "TITLE",
                    "className": "white-text",
                  },
                  "ref": null,
                  "rendered": Array [
                    "TITLE",
                  ],
                  "type": "button",
                },
                Object {
                  "instance": <button
                    class="white-text"
                  >
                    GENRE
                  </button>,
                  "key": undefined,
                  "nodeType": "host",
                  "props": Object {
                    "children": "GENRE",
                    "className": "white-text",
                  },
                  "ref": null,
                  "rendered": Array [
                    "GENRE",
                  ],
                  "type": "button",
                },
              ],
              "type": "div",
            },
            Object {
              "instance": <button
                class="white-text"
              >
                SEARCH
              </button>,
              "key": undefined,
              "nodeType": "host",
              "props": Object {
                "children": "SEARCH",
                "className": "white-text",
              },
              "ref": null,
              "rendered": Array [
                "SEARCH",
              ],
              "type": "button",
            },
          ],
          "type": "div",
        },
      ],
      "type": "section",
    },
    "type": [Function],
  },
  Symbol(enzyme.__nodes__): Array [
    Object {
      "instance": null,
      "key": undefined,
      "nodeType": "function",
      "props": Object {},
      "ref": null,
      "rendered": Object {
        "instance": <section
          class="search-section"
        >
          <h4
            class="white-text"
          >
            FIND YOUR MOVIE
          </h4>
          <input
            class="white-text search-title"
            placeholder="Enter title"
            type="text"
          />
          <div
            class="search-container"
          >
            <div
              class="search-selection"
            >
              <label
                class="white-text"
              >
                SEARCH BY
              </label>
              <button
                class="white-text"
              >
                TITLE
              </button>
              <button
                class="white-text"
              >
                GENRE
              </button>
            </div>
            <button
              class="white-text"
            >
              SEARCH
            </button>
          </div>
        </section>,
        "key": undefined,
        "nodeType": "host",
        "props": Object {
          "children": Array [
            <h4
              className="white-text"
            >
              FIND YOUR MOVIE
            </h4>,
            <input
              className="white-text search-title"
              placeholder="Enter title"
              type="text"
            />,
            <div
              className="search-container"
            >
              <div
                className="search-selection"
              >
                <label
                  className="white-text"
                >
                  SEARCH BY
                </label>
                <button
                  className="white-text"
                >
                  TITLE
                </button>
                <button
                  className="white-text"
                >
                  GENRE
                </button>
              </div>
              <button
                className="white-text"
              >
                SEARCH
              </button>
            </div>,
          ],
          "className": "search-section",
        },
        "ref": null,
        "rendered": Array [
          Object {
            "instance": <h4
              class="white-text"
            >
              FIND YOUR MOVIE
            </h4>,
            "key": undefined,
            "nodeType": "host",
            "props": Object {
              "children": "FIND YOUR MOVIE",
              "className": "white-text",
            },
            "ref": null,
            "rendered": Array [
              "FIND YOUR MOVIE",
            ],
            "type": "h4",
          },
          Object {
            "instance": <input
              class="white-text search-title"
              placeholder="Enter title"
              type="text"
            />,
            "key": undefined,
            "nodeType": "host",
            "props": Object {
              "className": "white-text search-title",
              "placeholder": "Enter title",
              "type": "text",
            },
            "ref": null,
            "rendered": Array [
              undefined,
            ],
            "type": "input",
          },
          Object {
            "instance": <div
              class="search-container"
            >
              <div
                class="search-selection"
              >
                <label
                  class="white-text"
                >
                  SEARCH BY
                </label>
                <button
                  class="white-text"
                >
                  TITLE
                </button>
                <button
                  class="white-text"
                >
                  GENRE
                </button>
              </div>
              <button
                class="white-text"
              >
                SEARCH
              </button>
            </div>,
            "key": undefined,
            "nodeType": "host",
            "props": Object {
              "children": Array [
                <div
                  className="search-selection"
                >
                  <label
                    className="white-text"
                  >
                    SEARCH BY
                  </label>
                  <button
                    className="white-text"
                  >
                    TITLE
                  </button>
                  <button
                    className="white-text"
                  >
                    GENRE
                  </button>
                </div>,
                <button
                  className="white-text"
                >
                  SEARCH
                </button>,
              ],
              "className": "search-container",
            },
            "ref": null,
            "rendered": Array [
              Object {
                "instance": <div
                  class="search-selection"
                >
                  <label
                    class="white-text"
                  >
                    SEARCH BY
                  </label>
                  <button
                    class="white-text"
                  >
                    TITLE
                  </button>
                  <button
                    class="white-text"
                  >
                    GENRE
                  </button>
                </div>,
                "key": undefined,
                "nodeType": "host",
                "props": Object {
                  "children": Array [
                    <label
                      className="white-text"
                    >
                      SEARCH BY
                    </label>,
                    <button
                      className="white-text"
                    >
                      TITLE
                    </button>,
                    <button
                      className="white-text"
                    >
                      GENRE
                    </button>,
                  ],
                  "className": "search-selection",
                },
                "ref": null,
                "rendered": Array [
                  Object {
                    "instance": <label
                      class="white-text"
                    >
                      SEARCH BY
                    </label>,
                    "key": undefined,
                    "nodeType": "host",
                    "props": Object {
                      "children": "SEARCH BY",
                      "className": "white-text",
                    },
                    "ref": null,
                    "rendered": Array [
                      "SEARCH BY",
                    ],
                    "type": "label",
                  },
                  Object {
                    "instance": <button
                      class="white-text"
                    >
                      TITLE
                    </button>,
                    "key": undefined,
                    "nodeType": "host",
                    "props": Object {
                      "children": "TITLE",
                      "className": "white-text",
                    },
                    "ref": null,
                    "rendered": Array [
                      "TITLE",
                    ],
                    "type": "button",
                  },
                  Object {
                    "instance": <button
                      class="white-text"
                    >
                      GENRE
                    </button>,
                    "key": undefined,
                    "nodeType": "host",
                    "props": Object {
                      "children": "GENRE",
                      "className": "white-text",
                    },
                    "ref": null,
                    "rendered": Array [
                      "GENRE",
                    ],
                    "type": "button",
                  },
                ],
                "type": "div",
              },
              Object {
                "instance": <button
                  class="white-text"
                >
                  SEARCH
                </button>,
                "key": undefined,
                "nodeType": "host",
                "props": Object {
                  "children": "SEARCH",
                  "className": "white-text",
                },
                "ref": null,
                "rendered": Array [
                  "SEARCH",
                ],
                "type": "button",
              },
            ],
            "type": "div",
          },
        ],
        "type": "section",
      },
      "type": [Function],
    },
  ],
  Symbol(enzyme.__options__): Object {
    "adapter": ReactSixteenAdapter {
      "options": Object {
        "enableComponentDidUpdateOnSetState": true,
        "lifecycles": Object {
          "componentDidUpdate": Object {
            "onSetState": true,
          },
          "getDerivedStateFromProps": true,
          "getSnapshotBeforeUpdate": true,
          "setState": Object {
            "skipsComponentDidUpdateOnNullish": true,
          },
        },
      },
    },
  },
}
`;
